[32m2026-06-19 19:25:52 -0400[0m - dagster - [34mDEBUG[0m - __ASSET_JOB - 4c3c2bad-4bc8-494e-8058-79f3381015f1 - 21799 - LOGS_CAPTURED - Capturing logs for process (pid: 21799).
[32m2026-06-19 19:25:52 -0400[0m - dagster - [34mDEBUG[0m - __ASSET_JOB - 4c3c2bad-4bc8-494e-8058-79f3381015f1 - 21799 - cms_provider_payments - STEP_START - Started execution of step "cms_provider_payments".
[32m2026-06-19 19:28:08 -0400[0m - dagster - [34mINFO[0m - __ASSET_JOB - 4c3c2bad-4bc8-494e-8058-79f3381015f1 - cms_provider_payments - Pulling CMS Medicare Physician & Other Practitioners data...
Source: data.cms.gov - real 2024 Medicare payment data by provider NPI
Dataset: Medicare Physician & Other Practitioners - by Provider
  Pulled 5,000 records...
  Pulled 10,000 records...
  Pulled 15,000 records...
  Pulled 20,000 records...
  Pulled 25,000 records...
  Pulled 30,000 records...
  Pulled 35,000 records...
  Pulled 40,000 records...
  Pulled 45,000 records...
  Pulled 50,000 records...
  Pulled 55,000 records...
  Pulled 60,000 records...
  Pulled 65,000 records...
  Pulled 70,000 records...
  Pulled 75,000 records...
  Pulled 80,000 records...
  Pulled 85,000 records...
  Pulled 90,000 records...
  Pulled 95,000 records...
  Pulled 100,000 records...

Total records: 100,000
Columns: 81
Specialties: 106
States: 58

Loading to BigQuery: healthcare-utilization.healthcare_raw.cms_provider_payments
Successfully loaded 100,000 rows to healthcare-utilization.healthcare_raw.cms_provider_payments
Done.

[32m2026-06-19 19:28:08 -0400[0m - dagster - [34mDEBUG[0m - __ASSET_JOB - 4c3c2bad-4bc8-494e-8058-79f3381015f1 - 21799 - cms_provider_payments - STEP_OUTPUT - Yielded output "result" of type "Any". (Type check passed).
[32m2026-06-19 19:28:08 -0400[0m - dagster - [34mDEBUG[0m - __ASSET_JOB - 4c3c2bad-4bc8-494e-8058-79f3381015f1 - 21799 - cms_provider_payments - ASSET_MATERIALIZATION - Materialized value cms_provider_payments.
[32m2026-06-19 19:28:08 -0400[0m - dagster - [34mDEBUG[0m - __ASSET_JOB - 4c3c2bad-4bc8-494e-8058-79f3381015f1 - 21799 - cms_provider_payments - STEP_SUCCESS - Finished execution of step "cms_provider_payments" in 2m15s.
