[0m17:31:36.277550 [debug] [MainThread]: Sending event: {'category': 'dbt', 'action': 'invocation', 'label': 'start', 'context': [<snowplow_tracker.self_describing_json.SelfDescribingJson object at 0x10d6b0690>, <snowplow_tracker.self_describing_json.SelfDescribingJson object at 0x10d635310>, <snowplow_tracker.self_describing_json.SelfDescribingJson object at 0x10d622590>]}


============================== 17:31:36.280742 | 10939fb5-fc4e-42dc-ace4-3aa59ce19648 ==============================
[0m17:31:36.280742 [info ] [MainThread]: Running with dbt=1.11.11
[0m17:31:36.280945 [debug] [MainThread]: running dbt with arguments {'warn_error_options': 'WarnErrorOptionsV2(error=[], warn=[], silence=[])', 'version_check': 'True', 'log_format': 'default', 'printer_width': '80', 'log_cache_events': 'False', 'profiles_dir': '/Users/ahmedhakim/.dbt', 'no_print': 'None', 'send_anonymous_usage_stats': 'True', 'use_colors': 'True', 'quiet': 'False', 'write_json': 'True', 'introspect': 'True', 'invocation_command': 'dbt init healthcare_utilization', 'use_experimental_parser': 'False', 'log_path': 'logs', 'target_path': 'None', 'static_parser': 'True', 'partial_parse': 'True', 'warn_error': 'None', 'fail_fast': 'False', 'empty': 'None', 'debug': 'False', 'indirect_selection': 'eager', 'cache_selected_only': 'False'}
[0m17:31:36.287682 [debug] [MainThread]: Starter project path: /Users/ahmedhakim/Library/Python/3.11/lib/python/site-packages/dbt/include/starter_project
[0m17:31:36.290145 [info ] [MainThread]: 
Your new dbt project "healthcare_utilization" was created!

For more information on how to configure the profiles.yml file,
please consult the dbt documentation here:

  https://docs.getdbt.com/docs/configure-your-profile

One more thing:

Need help? Don't hesitate to reach out to us via GitHub issues or on Slack:

  https://community.getdbt.com/

Happy modeling!

[0m17:31:36.290273 [info ] [MainThread]: Setting up your profile.
[0m17:33:16.011868 [info ] [MainThread]: Profile healthcare_utilization written to /Users/ahmedhakim/.dbt/profiles.yml using target's profile_template.yml and your supplied values. Run 'dbt debug' to validate the connection.
[0m17:33:16.025679 [debug] [MainThread]: Resource report: {"command_name": "init", "command_success": true, "command_wall_clock_time": 99.780685, "process_in_blocks": "0", "process_kernel_time": 0.276098, "process_mem_max_rss": "218791936", "process_out_blocks": "0", "process_user_time": 0.882182}
[0m17:33:16.029001 [debug] [MainThread]: Command `dbt init` succeeded at 17:33:16.028675 after 99.78 seconds
[0m17:33:16.030046 [debug] [MainThread]: Sending event: {'category': 'dbt', 'action': 'invocation', 'label': 'end', 'context': [<snowplow_tracker.self_describing_json.SelfDescribingJson object at 0x10d2b6b50>, <snowplow_tracker.self_describing_json.SelfDescribingJson object at 0x116635f10>, <snowplow_tracker.self_describing_json.SelfDescribingJson object at 0x10c916cd0>]}
[0m17:33:16.030632 [debug] [MainThread]: Flushing usage events
[0m17:33:16.239528 [debug] [MainThread]: An error was encountered while trying to flush usage events
